=====================================================================
Assignment: Homework 4
OK, version v1.18.1
=====================================================================

~~~~~~~~~~~~~~~~~~~~~~~~~~~~~~~~~~~~~~~~~~~~~~~~~~~~~~~~~~~~~~~~~~~~~
Running tests

---------------------------------------------------------------------
Doctests for SmartFridge

>>> fridgey = SmartFridge()
>>> fridgey.add_item('Mayo', 1)
'I now have 1 Mayo'
>>> fridgey.add_item('Mayo', 2)
'I now have 3 Mayo'
>>> fridgey.use_item('Mayo', 2.5)
'I have 0.5 Mayo left'
>>> fridgey.use_item('Mayo', 0.5)
'Uh oh, buy more Mayo!'
-- OK! --
---------------------------------------------------------------------
Test summary
    1 test cases passed! No cases failed.

Backup... 0.0% completeBackup... 100% complete
[33mAssignment is due in 3 hours and 11 seconds[0m
[32mBackup successful for user: yuryo@berkeley.edu[0m
[32mURL: https://okpy.org/cal/cs61a/sp22/hw04/backups/49E9xn[0m

